cbss-driver-reference-v1
layout.panel.width=240.000
layout.panel.height=80.000
event.order=handler,observer
event.dispatch-count=1
event.handled=1
event.needs-compute=1
form.submitted=1
form.payload=account:ready
store.value=9
store.revision=2
navigation.current=projects
navigation.revision=3
command.first-cancelled=1
command.second-succeeded=1
command.third-cancelled=1
command.cancel-count=2
command.stale-ignored=1
command.late-disposed=1
cue.cancelled=1
cue.cancel-count=1
cue.late-ignored=1
style.active=reference-application-theme
style.invalid-status=4
style.diagnostics=1
lifecycle.removed=2
lifecycle.observer-active=0
